{
  "version": "1.5.0",
  "plugins_used": [
    {
      "name": "ArtifactoryDetector"
    },
    {
      "name": "AWSKeyDetector"
    },
    {
      "name": "AzureStorageKeyDetector"
    },
    {
      "name": "Base64HighEntropyString",
      "limit": 4.5
    },
    {
      "name": "BasicAuthDetector"
    },
    {
      "name": "CloudantDetector"
    },
    {
      "name": "DiscordBotTokenDetector"
    },
    {
      "name": "GitHubTokenDetector"
    },
    {
      "name": "GitLabTokenDetector"
    },
    {
      "name": "HexHighEntropyString",
      "limit": 3.0
    },
    {
      "name": "IbmCloudIamDetector"
    },
    {
      "name": "IbmCosHmacDetector"
    },
    {
      "name": "IPPublicDetector"
    },
    {
      "name": "JwtTokenDetector"
    },
    {
      "name": "KeywordDetector",
      "keyword_exclude": ""
    },
    {
      "name": "MailchimpDetector"
    },
    {
      "name": "NpmDetector"
    },
    {
      "name": "OpenAIDetector"
    },
    {
      "name": "PrivateKeyDetector"
    },
    {
      "name": "PypiTokenDetector"
    },
    {
      "name": "SendGridDetector"
    },
    {
      "name": "SlackDetector"
    },
    {
      "name": "SoftlayerDetector"
    },
    {
      "name": "SquareOAuthDetector"
    },
    {
      "name": "StripeDetector"
    },
    {
      "name": "TelegramBotTokenDetector"
    },
    {
      "name": "TwilioKeyDetector"
    }
  ],
  "filters_used": [
    {
      "path": "detect_secrets.filters.allowlist.is_line_allowlisted"
    },
    {
      "path": "detect_secrets.filters.common.is_baseline_file",
      "filename": ".secrets.baseline"
    },
    {
      "path": "detect_secrets.filters.common.is_ignored_due_to_verification_policies",
      "min_level": 2
    },
    {
      "path": "detect_secrets.filters.heuristic.is_indirect_reference"
    },
    {
      "path": "detect_secrets.filters.heuristic.is_likely_id_string"
    },
    {
      "path": "detect_secrets.filters.heuristic.is_lock_file"
    },
    {
      "path": "detect_secrets.filters.heuristic.is_not_alphanumeric_string"
    },
    {
      "path": "detect_secrets.filters.heuristic.is_potential_uuid"
    },
    {
      "path": "detect_secrets.filters.heuristic.is_prefixed_with_dollar_sign"
    },
    {
      "path": "detect_secrets.filters.heuristic.is_sequential_string"
    },
    {
      "path": "detect_secrets.filters.heuristic.is_swagger_file"
    },
    {
      "path": "detect_secrets.filters.heuristic.is_templated_secret"
    }
  ],
  "results": {
    "security/components.yml": [
      {"type": "Hex High Entropy String", "filename": "security/components.yml", "hashed_secret": "44f45bacc37190e28857d31bd4923ed4125e18a0", "is_verified": false, "line_number": 149},
      {"type": "Hex High Entropy String", "filename": "security/components.yml", "hashed_secret": "a50b5c606e20561b1ec22cc836d6f69e691671ca", "is_verified": false, "line_number": 169},
      {"type": "Hex High Entropy String", "filename": "security/components.yml", "hashed_secret": "6bd81b897f44af86f6da204fdd0c5191d4c386f9", "is_verified": false, "line_number": 189},
      {"type": "Hex High Entropy String", "filename": "security/components.yml", "hashed_secret": "16770541ee15b49267e3314bf4f6e89c8ba6225c", "is_verified": false, "line_number": 209},
      {"type": "Hex High Entropy String", "filename": "security/components.yml", "hashed_secret": "2c5974c286d90ff828e6d5b00c007a8a04dcb0b9", "is_verified": false, "line_number": 229},
      {"type": "Hex High Entropy String", "filename": "security/components.yml", "hashed_secret": "cb71e5e541c142c9e26893aab8ff869d76a7baa9", "is_verified": false, "line_number": 249},
      {"type": "Hex High Entropy String", "filename": "security/components.yml", "hashed_secret": "f8824c2182e32508d8d99ca0a77f73a97dc42b36", "is_verified": false, "line_number": 269},
      {"type": "Hex High Entropy String", "filename": "security/components.yml", "hashed_secret": "662b8a1b82032a978305a4605419784bfc4fd5ee", "is_verified": false, "line_number": 309}
    ],
    "tests/fixtures/knowledge/knowledge-package-valid.json": [
      {
        "type": "Hex High Entropy String",
        "filename": "tests/fixtures/knowledge/knowledge-package-valid.json",
        "hashed_secret": "d9275ab9e6e219804a8cbb581c6866ef91e298e9",
        "is_verified": false,
        "line_number": 16
      },
      {
        "type": "Hex High Entropy String",
        "filename": "tests/fixtures/knowledge/knowledge-package-valid.json",
        "hashed_secret": "ea8fc7a3b8bafb754786d96404320b478dece441",
        "is_verified": false,
        "line_number": 17
      },
      {
        "type": "Hex High Entropy String",
        "filename": "tests/fixtures/knowledge/knowledge-package-valid.json",
        "hashed_secret": "2061c4dafc09e9e8ef92dcaf65ed7422ab80721b",
        "is_verified": false,
        "line_number": 18
      },
      {
        "type": "Hex High Entropy String",
        "filename": "tests/fixtures/knowledge/knowledge-package-valid.json",
        "hashed_secret": "3919283ce576eb5226e279b3c6a2b97cff516071",
        "is_verified": false,
        "line_number": 29
      },
      {
        "type": "Hex High Entropy String",
        "filename": "tests/fixtures/knowledge/knowledge-package-valid.json",
        "hashed_secret": "e0d5b4422a4bdce39fd86f3cb9cc9227187e4648",
        "is_verified": false,
        "line_number": 30
      },
      {
        "type": "Hex High Entropy String",
        "filename": "tests/fixtures/knowledge/knowledge-package-valid.json",
        "hashed_secret": "e926f709c539e34d6b4ec8c88554544e76dcf359",
        "is_verified": false,
        "line_number": 31
      },
      {
        "type": "Hex High Entropy String",
        "filename": "tests/fixtures/knowledge/knowledge-package-valid.json",
        "hashed_secret": "edaa7834cae0384e34fa0c530134d6c8952f54c2",
        "is_verified": false,
        "line_number": 32
      }
    ]
  },
  "generated_at": "2026-08-02T20:14:14Z"
}
