{
  "version": "1.5.0",
  "plugins_used": [
    {
      "name": "ArtifactoryDetector"
    },
    {
      "name": "AWSKeyDetector"
    },
    {
      "name": "AzureStorageKeyDetector"
    },
    {
      "name": "Base64HighEntropyString",
      "limit": 4.5
    },
    {
      "name": "BasicAuthDetector"
    },
    {
      "name": "CloudantDetector"
    },
    {
      "name": "DiscordBotTokenDetector"
    },
    {
      "name": "GitHubTokenDetector"
    },
    {
      "name": "GitLabTokenDetector"
    },
    {
      "name": "HexHighEntropyString",
      "limit": 3.0
    },
    {
      "name": "IbmCloudIamDetector"
    },
    {
      "name": "IbmCosHmacDetector"
    },
    {
      "name": "IPPublicDetector"
    },
    {
      "name": "JwtTokenDetector"
    },
    {
      "name": "KeywordDetector",
      "keyword_exclude": ""
    },
    {
      "name": "MailchimpDetector"
    },
    {
      "name": "NpmDetector"
    },
    {
      "name": "OpenAIDetector"
    },
    {
      "name": "PrivateKeyDetector"
    },
    {
      "name": "PypiTokenDetector"
    },
    {
      "name": "SendGridDetector"
    },
    {
      "name": "SlackDetector"
    },
    {
      "name": "SoftlayerDetector"
    },
    {
      "name": "SquareOAuthDetector"
    },
    {
      "name": "StripeDetector"
    },
    {
      "name": "TelegramBotTokenDetector"
    },
    {
      "name": "TwilioKeyDetector"
    }
  ],
  "filters_used": [
    {
      "path": "detect_secrets.filters.allowlist.is_line_allowlisted"
    },
    {
      "path": "detect_secrets.filters.common.is_baseline_file",
      "filename": ".secrets.baseline"
    },
    {
      "path": "detect_secrets.filters.common.is_ignored_due_to_verification_policies",
      "min_level": 2
    },
    {
      "path": "detect_secrets.filters.heuristic.is_indirect_reference"
    },
    {
      "path": "detect_secrets.filters.heuristic.is_likely_id_string"
    },
    {
      "path": "detect_secrets.filters.heuristic.is_lock_file"
    },
    {
      "path": "detect_secrets.filters.heuristic.is_not_alphanumeric_string"
    },
    {
      "path": "detect_secrets.filters.heuristic.is_potential_uuid"
    },
    {
      "path": "detect_secrets.filters.heuristic.is_prefixed_with_dollar_sign"
    },
    {
      "path": "detect_secrets.filters.heuristic.is_sequential_string"
    },
    {
      "path": "detect_secrets.filters.heuristic.is_swagger_file"
    },
    {
      "path": "detect_secrets.filters.heuristic.is_templated_secret"
    }
  ],
  "results": {
    "src/vss_context/assembler.py": [
      {
        "type": "Hex High Entropy String",
        "filename": "src/vss_context/assembler.py",
        "hashed_secret": "ea8fc7a3b8bafb754786d96404320b478dece441",
        "is_verified": false,
        "line_number": 99
      }
    ],
    "tests/context/test_context_assembly.py": [
      {
        "type": "Hex High Entropy String",
        "filename": "tests/context/test_context_assembly.py",
        "hashed_secret": "96e4329cc5b15866cbe0af2768cfccac947289af",
        "is_verified": false,
        "line_number": 81
      }
    ],
    "tests/fixtures/knowledge/knowledge-package-valid.json": [
      {
        "type": "Hex High Entropy String",
        "filename": "tests/fixtures/knowledge/knowledge-package-valid.json",
        "hashed_secret": "d9275ab9e6e219804a8cbb581c6866ef91e298e9",
        "is_verified": false,
        "line_number": 16
      },
      {
        "type": "Hex High Entropy String",
        "filename": "tests/fixtures/knowledge/knowledge-package-valid.json",
        "hashed_secret": "ea8fc7a3b8bafb754786d96404320b478dece441",
        "is_verified": false,
        "line_number": 17
      },
      {
        "type": "Hex High Entropy String",
        "filename": "tests/fixtures/knowledge/knowledge-package-valid.json",
        "hashed_secret": "2061c4dafc09e9e8ef92dcaf65ed7422ab80721b",
        "is_verified": false,
        "line_number": 18
      },
      {
        "type": "Hex High Entropy String",
        "filename": "tests/fixtures/knowledge/knowledge-package-valid.json",
        "hashed_secret": "3919283ce576eb5226e279b3c6a2b97cff516071",
        "is_verified": false,
        "line_number": 29
      },
      {
        "type": "Hex High Entropy String",
        "filename": "tests/fixtures/knowledge/knowledge-package-valid.json",
        "hashed_secret": "e0d5b4422a4bdce39fd86f3cb9cc9227187e4648",
        "is_verified": false,
        "line_number": 30
      },
      {
        "type": "Hex High Entropy String",
        "filename": "tests/fixtures/knowledge/knowledge-package-valid.json",
        "hashed_secret": "e926f709c539e34d6b4ec8c88554544e76dcf359",
        "is_verified": false,
        "line_number": 31
      },
      {
        "type": "Hex High Entropy String",
        "filename": "tests/fixtures/knowledge/knowledge-package-valid.json",
        "hashed_secret": "edaa7834cae0384e34fa0c530134d6c8952f54c2",
        "is_verified": false,
        "line_number": 32
      }
    ],
    "tests/fixtures/movie/scene-production-options-context-valid.json": [
      {
        "type": "Hex High Entropy String",
        "filename": "tests/fixtures/movie/scene-production-options-context-valid.json",
        "hashed_secret": "dc68cf77d7af7cd8411943a8ddfc0384bffb75f9",
        "is_verified": false,
        "line_number": 1
      }
    ]
  },
  "generated_at": "2026-08-08T19:06:49Z"
}
