{
  "version": "1.5.0",
  "plugins_used": [
    {
      "name": "ArtifactoryDetector"
    },
    {
      "name": "AWSKeyDetector"
    },
    {
      "name": "AzureStorageKeyDetector"
    },
    {
      "name": "Base64HighEntropyString",
      "limit": 4.5
    },
    {
      "name": "BasicAuthDetector"
    },
    {
      "name": "CloudantDetector"
    },
    {
      "name": "DiscordBotTokenDetector"
    },
    {
      "name": "GitHubTokenDetector"
    },
    {
      "name": "GitLabTokenDetector"
    },
    {
      "name": "HexHighEntropyString",
      "limit": 3
    },
    {
      "name": "IbmCloudIamDetector"
    },
    {
      "name": "IbmCosHmacDetector"
    },
    {
      "name": "IPPublicDetector"
    },
    {
      "name": "JwtTokenDetector"
    },
    {
      "name": "KeywordDetector",
      "keyword_exclude": ""
    },
    {
      "name": "MailchimpDetector"
    },
    {
      "name": "NpmDetector"
    },
    {
      "name": "OpenAIDetector"
    },
    {
      "name": "PrivateKeyDetector"
    },
    {
      "name": "PypiTokenDetector"
    },
    {
      "name": "SendGridDetector"
    },
    {
      "name": "SlackDetector"
    },
    {
      "name": "SoftlayerDetector"
    },
    {
      "name": "SquareOAuthDetector"
    },
    {
      "name": "StripeDetector"
    },
    {
      "name": "TelegramBotTokenDetector"
    },
    {
      "name": "TwilioKeyDetector"
    }
  ],
  "filters_used": [
    {
      "path": "detect_secrets.filters.allowlist.is_line_allowlisted"
    },
    {
      "path": "detect_secrets.filters.common.is_baseline_file",
      "filename": ".secrets.baseline"
    },
    {
      "path": "detect_secrets.filters.common.is_ignored_due_to_verification_policies",
      "min_level": 2
    },
    {
      "path": "detect_secrets.filters.heuristic.is_indirect_reference"
    },
    {
      "path": "detect_secrets.filters.heuristic.is_likely_id_string"
    },
    {
      "path": "detect_secrets.filters.heuristic.is_lock_file"
    },
    {
      "path": "detect_secrets.filters.heuristic.is_not_alphanumeric_string"
    },
    {
      "path": "detect_secrets.filters.heuristic.is_potential_uuid"
    },
    {
      "path": "detect_secrets.filters.heuristic.is_prefixed_with_dollar_sign"
    },
    {
      "path": "detect_secrets.filters.heuristic.is_sequential_string"
    },
    {
      "path": "detect_secrets.filters.heuristic.is_swagger_file"
    },
    {
      "path": "detect_secrets.filters.heuristic.is_templated_secret"
    }
  ],
  "results": {
    "security/components.yml": [
      {
        "type": "Hex High Entropy String",
        "filename": "security/components.yml",
        "hashed_secret": "44f45bacc37190e28857d31bd4923ed4125e18a0",
        "is_verified": false,
        "line_number": 149
      },
      {
        "type": "Hex High Entropy String",
        "filename": "security/components.yml",
        "hashed_secret": "a50b5c606e20561b1ec22cc836d6f69e691671ca",
        "is_verified": false,
        "line_number": 169
      },
      {
        "type": "Hex High Entropy String",
        "filename": "security/components.yml",
        "hashed_secret": "6bd81b897f44af86f6da204fdd0c5191d4c386f9",
        "is_verified": false,
        "line_number": 189
      },
      {
        "type": "Hex High Entropy String",
        "filename": "security/components.yml",
        "hashed_secret": "16770541ee15b49267e3314bf4f6e89c8ba6225c",
        "is_verified": false,
        "line_number": 209
      },
      {
        "type": "Hex High Entropy String",
        "filename": "security/components.yml",
        "hashed_secret": "2c5974c286d90ff828e6d5b00c007a8a04dcb0b9",
        "is_verified": false,
        "line_number": 229
      },
      {
        "type": "Hex High Entropy String",
        "filename": "security/components.yml",
        "hashed_secret": "cb71e5e541c142c9e26893aab8ff869d76a7baa9",
        "is_verified": false,
        "line_number": 249
      },
      {
        "type": "Hex High Entropy String",
        "filename": "security/components.yml",
        "hashed_secret": "f8824c2182e32508d8d99ca0a77f73a97dc42b36",
        "is_verified": false,
        "line_number": 269
      },
      {
        "type": "Hex High Entropy String",
        "filename": "security/components.yml",
        "hashed_secret": "662b8a1b82032a978305a4605419784bfc4fd5ee",
        "is_verified": false,
        "line_number": 309
      }
    ],
    "tests/fixtures/knowledge/knowledge-package-valid.json": [
      {
        "type": "Hex High Entropy String",
        "filename": "tests/fixtures/knowledge/knowledge-package-valid.json",
        "hashed_secret": "d9275ab9e6e219804a8cbb581c6866ef91e298e9",
        "is_verified": false,
        "line_number": 16
      },
      {
        "type": "Hex High Entropy String",
        "filename": "tests/fixtures/knowledge/knowledge-package-valid.json",
        "hashed_secret": "ea8fc7a3b8bafb754786d96404320b478dece441",
        "is_verified": false,
        "line_number": 17
      },
      {
        "type": "Hex High Entropy String",
        "filename": "tests/fixtures/knowledge/knowledge-package-valid.json",
        "hashed_secret": "2061c4dafc09e9e8ef92dcaf65ed7422ab80721b",
        "is_verified": false,
        "line_number": 18
      },
      {
        "type": "Hex High Entropy String",
        "filename": "tests/fixtures/knowledge/knowledge-package-valid.json",
        "hashed_secret": "3919283ce576eb5226e279b3c6a2b97cff516071",
        "is_verified": false,
        "line_number": 29
      },
      {
        "type": "Hex High Entropy String",
        "filename": "tests/fixtures/knowledge/knowledge-package-valid.json",
        "hashed_secret": "e0d5b4422a4bdce39fd86f3cb9cc9227187e4648",
        "is_verified": false,
        "line_number": 30
      },
      {
        "type": "Hex High Entropy String",
        "filename": "tests/fixtures/knowledge/knowledge-package-valid.json",
        "hashed_secret": "e926f709c539e34d6b4ec8c88554544e76dcf359",
        "is_verified": false,
        "line_number": 31
      },
      {
        "type": "Hex High Entropy String",
        "filename": "tests/fixtures/knowledge/knowledge-package-valid.json",
        "hashed_secret": "edaa7834cae0384e34fa0c530134d6c8952f54c2",
        "is_verified": false,
        "line_number": 32
      }
    ],
    "docs/reviews/m11-0-authoritative-visual-grounding-profile.json": [
      {
        "type": "Hex High Entropy String",
        "filename": "docs/reviews/m11-0-authoritative-visual-grounding-profile.json",
        "hashed_secret": "097f36b46d492d8bce50c923e42c3ef0151fca8e",
        "is_verified": false,
        "line_number": 53
      },
      {
        "type": "Hex High Entropy String",
        "filename": "docs/reviews/m11-0-authoritative-visual-grounding-profile.json",
        "hashed_secret": "d34cd60c2738043c2c66f9b522ffb11179a709b6",
        "is_verified": false,
        "line_number": 73
      }
    ],
    "docs/reviews/m11-0-candidate-1-grounding-review.json": [
      {
        "type": "Hex High Entropy String",
        "filename": "docs/reviews/m11-0-candidate-1-grounding-review.json",
        "hashed_secret": "4fa8083ff54e59a08d934866bade296e877cf7d1",
        "is_verified": false,
        "line_number": 11
      },
      {
        "type": "Hex High Entropy String",
        "filename": "docs/reviews/m11-0-candidate-1-grounding-review.json",
        "hashed_secret": "a7d666743fecbf1bd45bf0248f0f41944b0bb93b",
        "is_verified": false,
        "line_number": 16
      },
      {
        "type": "Hex High Entropy String",
        "filename": "docs/reviews/m11-0-candidate-1-grounding-review.json",
        "hashed_secret": "8ec9478fe2071d6bdd7e3e2838f2ee502704733c",
        "is_verified": false,
        "line_number": 26
      },
      {
        "type": "Hex High Entropy String",
        "filename": "docs/reviews/m11-0-candidate-1-grounding-review.json",
        "hashed_secret": "d34cd60c2738043c2c66f9b522ffb11179a709b6",
        "is_verified": false,
        "line_number": 29
      }
    ],
    "docs/reviews/m11-0-candidate-1-sealed-admission.json": [
      {
        "type": "Hex High Entropy String",
        "filename": "docs/reviews/m11-0-candidate-1-sealed-admission.json",
        "hashed_secret": "097f36b46d492d8bce50c923e42c3ef0151fca8e",
        "is_verified": false,
        "line_number": 62
      },
      {
        "type": "Hex High Entropy String",
        "filename": "docs/reviews/m11-0-candidate-1-sealed-admission.json",
        "hashed_secret": "d34cd60c2738043c2c66f9b522ffb11179a709b6",
        "is_verified": false,
        "line_number": 75
      },
      {
        "type": "Hex High Entropy String",
        "filename": "docs/reviews/m11-0-candidate-1-sealed-admission.json",
        "hashed_secret": "52a9a3b8680def3db129d80e17008c58e9149aae",
        "is_verified": false,
        "line_number": 106
      },
      {
        "type": "Hex High Entropy String",
        "filename": "docs/reviews/m11-0-candidate-1-sealed-admission.json",
        "hashed_secret": "aac2ddfd502062ac65b7cc0a39ad7d4c9df4c30a",
        "is_verified": false,
        "line_number": 108
      },
      {
        "type": "Hex High Entropy String",
        "filename": "docs/reviews/m11-0-candidate-1-sealed-admission.json",
        "hashed_secret": "34edd2d655d840765fee9f9bcb8c1b652980405b",
        "is_verified": false,
        "line_number": 127
      },
      {
        "type": "Hex High Entropy String",
        "filename": "docs/reviews/m11-0-candidate-1-sealed-admission.json",
        "hashed_secret": "5e7399ebd915e9c42b9857118bd6fedd929c8d10",
        "is_verified": false,
        "line_number": 128
      },
      {
        "type": "Hex High Entropy String",
        "filename": "docs/reviews/m11-0-candidate-1-sealed-admission.json",
        "hashed_secret": "4bf59532d7c1b34360acc0b8c9a9374234875e85",
        "is_verified": false,
        "line_number": 129
      },
      {
        "type": "Hex High Entropy String",
        "filename": "docs/reviews/m11-0-candidate-1-sealed-admission.json",
        "hashed_secret": "e9196f35d8c02e40f075a43f4d4f483688e4c42c",
        "is_verified": false,
        "line_number": 130
      },
      {
        "type": "Hex High Entropy String",
        "filename": "docs/reviews/m11-0-candidate-1-sealed-admission.json",
        "hashed_secret": "e7845872474967300c19f161b62dd66ea36a526d",
        "is_verified": false,
        "line_number": 131
      },
      {
        "type": "Hex High Entropy String",
        "filename": "docs/reviews/m11-0-candidate-1-sealed-admission.json",
        "hashed_secret": "8935215d1f67271dacb9495e1f7b11ee3c84922b",
        "is_verified": false,
        "line_number": 132
      },
      {
        "type": "Hex High Entropy String",
        "filename": "docs/reviews/m11-0-candidate-1-sealed-admission.json",
        "hashed_secret": "2a7af992deb2fbd135c88320be480da8ecedc139",
        "is_verified": false,
        "line_number": 133
      },
      {
        "type": "Hex High Entropy String",
        "filename": "docs/reviews/m11-0-candidate-1-sealed-admission.json",
        "hashed_secret": "693313507085f30774f507f529ecc73f05070776",
        "is_verified": false,
        "line_number": 134
      },
      {
        "type": "Hex High Entropy String",
        "filename": "docs/reviews/m11-0-candidate-1-sealed-admission.json",
        "hashed_secret": "7e73552da08d1ffd2447379a746539c495b8ccd7",
        "is_verified": false,
        "line_number": 135
      },
      {
        "type": "Hex High Entropy String",
        "filename": "docs/reviews/m11-0-candidate-1-sealed-admission.json",
        "hashed_secret": "a7d666743fecbf1bd45bf0248f0f41944b0bb93b",
        "is_verified": false,
        "line_number": 136
      },
      {
        "type": "Hex High Entropy String",
        "filename": "docs/reviews/m11-0-candidate-1-sealed-admission.json",
        "hashed_secret": "6852ffa89c8e05cd8045fa252441a270ef9cc712",
        "is_verified": false,
        "line_number": 137
      },
      {
        "type": "Hex High Entropy String",
        "filename": "docs/reviews/m11-0-candidate-1-sealed-admission.json",
        "hashed_secret": "2fc8ce7a3101c3e82f82e7a5954d6b0abaf786a5",
        "is_verified": false,
        "line_number": 143
      },
      {
        "type": "Hex High Entropy String",
        "filename": "docs/reviews/m11-0-candidate-1-sealed-admission.json",
        "hashed_secret": "92a2c3f253475154c71e389d7a83f18e8d087ff5",
        "is_verified": false,
        "line_number": 152
      },
      {
        "type": "Hex High Entropy String",
        "filename": "docs/reviews/m11-0-candidate-1-sealed-admission.json",
        "hashed_secret": "aef121dd6f25a4e886c9877c3b9444ab8c63b63f",
        "is_verified": false,
        "line_number": 153
      },
      {
        "type": "Hex High Entropy String",
        "filename": "docs/reviews/m11-0-candidate-1-sealed-admission.json",
        "hashed_secret": "391e7225f5459a7812e2470422e4863509be8671",
        "is_verified": false,
        "line_number": 158
      },
      {
        "type": "Hex High Entropy String",
        "filename": "docs/reviews/m11-0-candidate-1-sealed-admission.json",
        "hashed_secret": "224231ec24c1138911be230f2ae13924712f9cae",
        "is_verified": false,
        "line_number": 171
      }
    ],
    "docs/reviews/m11-0-candidate-2-grounding-review.json": [
      {
        "type": "Hex High Entropy String",
        "filename": "docs/reviews/m11-0-candidate-2-grounding-review.json",
        "hashed_secret": "aac435e8ed840f34014395c96353226c833f9e39",
        "is_verified": false,
        "line_number": 11
      },
      {
        "type": "Hex High Entropy String",
        "filename": "docs/reviews/m11-0-candidate-2-grounding-review.json",
        "hashed_secret": "a7d666743fecbf1bd45bf0248f0f41944b0bb93b",
        "is_verified": false,
        "line_number": 16
      },
      {
        "type": "Hex High Entropy String",
        "filename": "docs/reviews/m11-0-candidate-2-grounding-review.json",
        "hashed_secret": "b51fc6db46b3221e721b6ff501a6cc9fff58f7c4",
        "is_verified": false,
        "line_number": 26
      },
      {
        "type": "Hex High Entropy String",
        "filename": "docs/reviews/m11-0-candidate-2-grounding-review.json",
        "hashed_secret": "d34cd60c2738043c2c66f9b522ffb11179a709b6",
        "is_verified": false,
        "line_number": 29
      }
    ],
    "docs/reviews/m11-0-candidate-2-sealed-admission.json": [
      {
        "type": "Hex High Entropy String",
        "filename": "docs/reviews/m11-0-candidate-2-sealed-admission.json",
        "hashed_secret": "097f36b46d492d8bce50c923e42c3ef0151fca8e",
        "is_verified": false,
        "line_number": 62
      },
      {
        "type": "Hex High Entropy String",
        "filename": "docs/reviews/m11-0-candidate-2-sealed-admission.json",
        "hashed_secret": "d34cd60c2738043c2c66f9b522ffb11179a709b6",
        "is_verified": false,
        "line_number": 75
      },
      {
        "type": "Hex High Entropy String",
        "filename": "docs/reviews/m11-0-candidate-2-sealed-admission.json",
        "hashed_secret": "52a9a3b8680def3db129d80e17008c58e9149aae",
        "is_verified": false,
        "line_number": 106
      },
      {
        "type": "Hex High Entropy String",
        "filename": "docs/reviews/m11-0-candidate-2-sealed-admission.json",
        "hashed_secret": "aac2ddfd502062ac65b7cc0a39ad7d4c9df4c30a",
        "is_verified": false,
        "line_number": 108
      },
      {
        "type": "Hex High Entropy String",
        "filename": "docs/reviews/m11-0-candidate-2-sealed-admission.json",
        "hashed_secret": "34edd2d655d840765fee9f9bcb8c1b652980405b",
        "is_verified": false,
        "line_number": 127
      },
      {
        "type": "Hex High Entropy String",
        "filename": "docs/reviews/m11-0-candidate-2-sealed-admission.json",
        "hashed_secret": "5e7399ebd915e9c42b9857118bd6fedd929c8d10",
        "is_verified": false,
        "line_number": 128
      },
      {
        "type": "Hex High Entropy String",
        "filename": "docs/reviews/m11-0-candidate-2-sealed-admission.json",
        "hashed_secret": "4bf59532d7c1b34360acc0b8c9a9374234875e85",
        "is_verified": false,
        "line_number": 129
      },
      {
        "type": "Hex High Entropy String",
        "filename": "docs/reviews/m11-0-candidate-2-sealed-admission.json",
        "hashed_secret": "e9196f35d8c02e40f075a43f4d4f483688e4c42c",
        "is_verified": false,
        "line_number": 130
      },
      {
        "type": "Hex High Entropy String",
        "filename": "docs/reviews/m11-0-candidate-2-sealed-admission.json",
        "hashed_secret": "e7845872474967300c19f161b62dd66ea36a526d",
        "is_verified": false,
        "line_number": 131
      },
      {
        "type": "Hex High Entropy String",
        "filename": "docs/reviews/m11-0-candidate-2-sealed-admission.json",
        "hashed_secret": "8935215d1f67271dacb9495e1f7b11ee3c84922b",
        "is_verified": false,
        "line_number": 132
      },
      {
        "type": "Hex High Entropy String",
        "filename": "docs/reviews/m11-0-candidate-2-sealed-admission.json",
        "hashed_secret": "2a7af992deb2fbd135c88320be480da8ecedc139",
        "is_verified": false,
        "line_number": 133
      },
      {
        "type": "Hex High Entropy String",
        "filename": "docs/reviews/m11-0-candidate-2-sealed-admission.json",
        "hashed_secret": "693313507085f30774f507f529ecc73f05070776",
        "is_verified": false,
        "line_number": 134
      },
      {
        "type": "Hex High Entropy String",
        "filename": "docs/reviews/m11-0-candidate-2-sealed-admission.json",
        "hashed_secret": "7e73552da08d1ffd2447379a746539c495b8ccd7",
        "is_verified": false,
        "line_number": 135
      },
      {
        "type": "Hex High Entropy String",
        "filename": "docs/reviews/m11-0-candidate-2-sealed-admission.json",
        "hashed_secret": "a7d666743fecbf1bd45bf0248f0f41944b0bb93b",
        "is_verified": false,
        "line_number": 136
      },
      {
        "type": "Hex High Entropy String",
        "filename": "docs/reviews/m11-0-candidate-2-sealed-admission.json",
        "hashed_secret": "6852ffa89c8e05cd8045fa252441a270ef9cc712",
        "is_verified": false,
        "line_number": 137
      },
      {
        "type": "Hex High Entropy String",
        "filename": "docs/reviews/m11-0-candidate-2-sealed-admission.json",
        "hashed_secret": "325c0ff1c3ec6bcdb06c48cc6d4d2b0e4c6a86d3",
        "is_verified": false,
        "line_number": 143
      },
      {
        "type": "Hex High Entropy String",
        "filename": "docs/reviews/m11-0-candidate-2-sealed-admission.json",
        "hashed_secret": "92a2c3f253475154c71e389d7a83f18e8d087ff5",
        "is_verified": false,
        "line_number": 152
      },
      {
        "type": "Hex High Entropy String",
        "filename": "docs/reviews/m11-0-candidate-2-sealed-admission.json",
        "hashed_secret": "aef121dd6f25a4e886c9877c3b9444ab8c63b63f",
        "is_verified": false,
        "line_number": 153
      },
      {
        "type": "Hex High Entropy String",
        "filename": "docs/reviews/m11-0-candidate-2-sealed-admission.json",
        "hashed_secret": "189f6668763fdbd5e38ad9dfcd7caee866e0402f",
        "is_verified": false,
        "line_number": 158
      },
      {
        "type": "Hex High Entropy String",
        "filename": "docs/reviews/m11-0-candidate-2-sealed-admission.json",
        "hashed_secret": "2b8d61a5ab48e286ea10d96e2cf7b46a73ad1bc1",
        "is_verified": false,
        "line_number": 171
      }
    ],
    "docs/reviews/m11-0-grounded-comparison.json": [
      {
        "type": "Hex High Entropy String",
        "filename": "docs/reviews/m11-0-grounded-comparison.json",
        "hashed_secret": "4fa8083ff54e59a08d934866bade296e877cf7d1",
        "is_verified": false,
        "line_number": 21
      },
      {
        "type": "Hex High Entropy String",
        "filename": "docs/reviews/m11-0-grounded-comparison.json",
        "hashed_secret": "224231ec24c1138911be230f2ae13924712f9cae",
        "is_verified": false,
        "line_number": 23
      },
      {
        "type": "Hex High Entropy String",
        "filename": "docs/reviews/m11-0-grounded-comparison.json",
        "hashed_secret": "a7d666743fecbf1bd45bf0248f0f41944b0bb93b",
        "is_verified": false,
        "line_number": 24
      },
      {
        "type": "Hex High Entropy String",
        "filename": "docs/reviews/m11-0-grounded-comparison.json",
        "hashed_secret": "8ec9478fe2071d6bdd7e3e2838f2ee502704733c",
        "is_verified": false,
        "line_number": 44
      },
      {
        "type": "Hex High Entropy String",
        "filename": "docs/reviews/m11-0-grounded-comparison.json",
        "hashed_secret": "d34cd60c2738043c2c66f9b522ffb11179a709b6",
        "is_verified": false,
        "line_number": 45
      },
      {
        "type": "Hex High Entropy String",
        "filename": "docs/reviews/m11-0-grounded-comparison.json",
        "hashed_secret": "34edd2d655d840765fee9f9bcb8c1b652980405b",
        "is_verified": false,
        "line_number": 48
      },
      {
        "type": "Hex High Entropy String",
        "filename": "docs/reviews/m11-0-grounded-comparison.json",
        "hashed_secret": "5e7399ebd915e9c42b9857118bd6fedd929c8d10",
        "is_verified": false,
        "line_number": 49
      },
      {
        "type": "Hex High Entropy String",
        "filename": "docs/reviews/m11-0-grounded-comparison.json",
        "hashed_secret": "4bf59532d7c1b34360acc0b8c9a9374234875e85",
        "is_verified": false,
        "line_number": 50
      },
      {
        "type": "Hex High Entropy String",
        "filename": "docs/reviews/m11-0-grounded-comparison.json",
        "hashed_secret": "e9196f35d8c02e40f075a43f4d4f483688e4c42c",
        "is_verified": false,
        "line_number": 51
      },
      {
        "type": "Hex High Entropy String",
        "filename": "docs/reviews/m11-0-grounded-comparison.json",
        "hashed_secret": "e7845872474967300c19f161b62dd66ea36a526d",
        "is_verified": false,
        "line_number": 52
      },
      {
        "type": "Hex High Entropy String",
        "filename": "docs/reviews/m11-0-grounded-comparison.json",
        "hashed_secret": "8935215d1f67271dacb9495e1f7b11ee3c84922b",
        "is_verified": false,
        "line_number": 53
      },
      {
        "type": "Hex High Entropy String",
        "filename": "docs/reviews/m11-0-grounded-comparison.json",
        "hashed_secret": "2a7af992deb2fbd135c88320be480da8ecedc139",
        "is_verified": false,
        "line_number": 54
      },
      {
        "type": "Hex High Entropy String",
        "filename": "docs/reviews/m11-0-grounded-comparison.json",
        "hashed_secret": "693313507085f30774f507f529ecc73f05070776",
        "is_verified": false,
        "line_number": 55
      },
      {
        "type": "Hex High Entropy String",
        "filename": "docs/reviews/m11-0-grounded-comparison.json",
        "hashed_secret": "7e73552da08d1ffd2447379a746539c495b8ccd7",
        "is_verified": false,
        "line_number": 56
      },
      {
        "type": "Hex High Entropy String",
        "filename": "docs/reviews/m11-0-grounded-comparison.json",
        "hashed_secret": "6852ffa89c8e05cd8045fa252441a270ef9cc712",
        "is_verified": false,
        "line_number": 58
      },
      {
        "type": "Hex High Entropy String",
        "filename": "docs/reviews/m11-0-grounded-comparison.json",
        "hashed_secret": "aac435e8ed840f34014395c96353226c833f9e39",
        "is_verified": false,
        "line_number": 68
      },
      {
        "type": "Hex High Entropy String",
        "filename": "docs/reviews/m11-0-grounded-comparison.json",
        "hashed_secret": "2b8d61a5ab48e286ea10d96e2cf7b46a73ad1bc1",
        "is_verified": false,
        "line_number": 70
      },
      {
        "type": "Hex High Entropy String",
        "filename": "docs/reviews/m11-0-grounded-comparison.json",
        "hashed_secret": "b51fc6db46b3221e721b6ff501a6cc9fff58f7c4",
        "is_verified": false,
        "line_number": 91
      },
      {
        "type": "Hex High Entropy String",
        "filename": "docs/reviews/m11-0-grounded-comparison.json",
        "hashed_secret": "6130437396e7b2f63ad19fe81dc3dc2184bce5fd",
        "is_verified": false,
        "line_number": 115
      }
    ],
    "scripts/m11-0-candidate-1-host-preflight.py": [
      {
        "type": "Hex High Entropy String",
        "filename": "scripts/m11-0-candidate-1-host-preflight.py",
        "hashed_secret": "224231ec24c1138911be230f2ae13924712f9cae",
        "is_verified": false,
        "line_number": 16
      },
      {
        "type": "Hex High Entropy String",
        "filename": "scripts/m11-0-candidate-1-host-preflight.py",
        "hashed_secret": "391e7225f5459a7812e2470422e4863509be8671",
        "is_verified": false,
        "line_number": 17
      },
      {
        "type": "Hex High Entropy String",
        "filename": "scripts/m11-0-candidate-1-host-preflight.py",
        "hashed_secret": "d34cd60c2738043c2c66f9b522ffb11179a709b6",
        "is_verified": false,
        "line_number": 18
      }
    ],
    "scripts/m11-0-candidate-2-host-execute.py": [
      {
        "type": "Hex High Entropy String",
        "filename": "scripts/m11-0-candidate-2-host-execute.py",
        "hashed_secret": "2b8d61a5ab48e286ea10d96e2cf7b46a73ad1bc1",
        "is_verified": false,
        "line_number": 19
      },
      {
        "type": "Hex High Entropy String",
        "filename": "scripts/m11-0-candidate-2-host-execute.py",
        "hashed_secret": "189f6668763fdbd5e38ad9dfcd7caee866e0402f",
        "is_verified": false,
        "line_number": 20
      },
      {
        "type": "Hex High Entropy String",
        "filename": "scripts/m11-0-candidate-2-host-execute.py",
        "hashed_secret": "d34cd60c2738043c2c66f9b522ffb11179a709b6",
        "is_verified": false,
        "line_number": 21
      }
    ],
    "tests/movie_storyboard/test_m11_0_vikramaditya_source.py": [
      {
        "type": "Hex High Entropy String",
        "filename": "tests/movie_storyboard/test_m11_0_vikramaditya_source.py",
        "hashed_secret": "2b8d61a5ab48e286ea10d96e2cf7b46a73ad1bc1",
        "is_verified": false,
        "line_number": 96
      },
      {
        "type": "Hex High Entropy String",
        "filename": "tests/movie_storyboard/test_m11_0_vikramaditya_source.py",
        "hashed_secret": "189f6668763fdbd5e38ad9dfcd7caee866e0402f",
        "is_verified": false,
        "line_number": 97
      },
      {
        "type": "Hex High Entropy String",
        "filename": "tests/movie_storyboard/test_m11_0_vikramaditya_source.py",
        "hashed_secret": "c6ac74f1de5e25aae9aff0045976cbb526ea1298",
        "is_verified": false,
        "line_number": 133
      }
    ]
  },
  "generated_at": "2026-09-09T02:13:24Z"
}
